M5-FITS/processed/v1/data_train_TX_3_HOBBIES_2.csv
,d,sales,tm_w_end,tm_dw,tm_wm,tm_m,tm_w,sell_price,snap_count,is_event,date
1098,1099,74.0,0,4,5,1,5,2.7490387,0,0,2014-01-31
1099,1100,45.0,1,5,1,2,5,2.7459347,2,0,2014-02-01
1100,1101,57.0,1,6,1,2,5,2.7459347,2,1,2014-02-02
1101,1102,61.0,0,0,1,2,6,2.7459347,3,0,2014-02-03
1102,1103,54.0,0,1,1,2,6,2.7459347,1,0,2014-02-04
1103,1104,81.0,0,2,1,2,6,2.7459347,3,0,2014-02-05
1104,1105,48.0,0,3,1,2,6,2.7459347,3,0,2014-02-06
1105,1106,20.0,0,4,1,2,6,2.7459347,2,0,2014-02-07
1106,1107,60.0,1,5,2,2,6,2.7399714,2,0,2014-02-08
1107,1108,58.0,1,6,2,2,6,2.7399714,3,0,2014-02-09
1108,1109,36.0,0,0,2,2,7,2.7399714,1,0,2014-02-10
1109,1110,43.0,0,1,2,2,7,2.7399714,2,0,2014-02-11
1110,1111,59.0,0,2,2,2,7,2.7399714,2,0,2014-02-12
1111,1112,73.0,0,3,2,2,7,2.7399714,1,0,2014-02-13
1112,1113,23.0,0,4,2,2,7,2.7399714,1,1,2014-02-14
1113,1114,37.0,1,5,3,2,7,2.7399714,2,0,2014-02-15
1114,1115,26.0,1,6,3,2,7,2.7399714,0,0,2014-02-16
1115,1116,28.0,0,0,3,2,8,2.7399714,0,1,2014-02-17
1116,1117,24.0,0,1,3,2,8,2.7399714,0,0,2014-02-18
1117,1118,35.0,0,2,3,2,8,2.7399714,0,0,2014-02-19
1118,1119,39.0,0,3,3,2,8,2.7399714,0,0,2014-02-20
1119,1120,26.0,0,4,3,2,8,2.7399714,0,0,2014-02-21
1120,1121,42.0,1,5,4,2,8,2.7399714,0,0,2014-02-22
1121,1122,51.0,1,6,4,2,8,2.7399714,0,0,2014-02-23
1122,1123,34.0,0,0,4,2,9,2.7399714,0,0,2014-02-24
1123,1124,44.0,0,1,4,2,9,2.7399714,0,0,2014-02-25
1124,1125,40.0,0,2,4,2,9,2.7399714,0,0,2014-02-26
1125,1126,17.0,0,3,4,2,9,2.7399714,0,0,2014-02-27
1126,1127,19.0,0,4,4,2,9,2.7399714,0,0,2014-02-28
1127,1128,36.0,1,5,1,3,9,2.7399714,2,0,2014-03-01
1128,1129,16.0,1,6,1,3,9,2.7399714,2,0,2014-03-02
1129,1130,31.0,0,0,1,3,10,2.7399714,3,0,2014-03-03
1130,1131,31.0,0,1,1,3,10,2.7399714,1,0,2014-03-04
1131,1132,39.0,0,2,1,3,10,2.7399714,3,1,2014-03-05
1132,1133,41.0,0,3,1,3,10,2.7399714,3,0,2014-03-06
1133,1134,53.0,0,4,1,3,10,2.7399714,2,0,2014-03-07
1134,1135,21.0,1,5,2,3,10,2.7399714,2,0,2014-03-08
1135,1136,46.0,1,6,2,3,10,2.7399714,3,0,2014-03-09
1136,1137,41.0,0,0,2,3,11,2.7399714,1,0,2014-03-10
1137,1138,33.0,0,1,2,3,11,2.7399714,2,0,2014-03-11
1138,1139,33.0,0,2,2,3,11,2.7399714,2,1,2014-03-12
1139,1140,57.0,0,3,2,3,11,2.7399714,1,0,2014-03-13
1140,1141,41.0,0,4,2,3,11,2.7399714,1,0,2014-03-14
1141,1142,36.0,1,5,3,3,11,2.7399714,2,0,2014-03-15
1142,1143,20.0,1,6,3,3,11,2.7399714,0,1,2014-03-16
1143,1144,31.0,0,0,3,3,12,2.7399714,0,1,2014-03-17
1144,1145,17.0,0,1,3,3,12,2.7399714,0,0,2014-03-18
1145,1146,27.0,0,2,3,3,12,2.7399714,0,0,2014-03-19
1146,1147,14.0,0,3,3,3,12,2.7399714,0,0,2014-03-20
1147,1148,33.0,0,4,3,3,12,2.7399714,0,0,2014-03-21
1148,1149,34.0,1,5,4,3,12,2.7323692,0,0,2014-03-22
1149,1150,27.0,1,6,4,3,12,2.7323692,0,0,2014-03-23
1150,1151,41.0,0,0,4,3,13,2.7323692,0,0,2014-03-24
1151,1152,16.0,0,1,4,3,13,2.7323692,0,0,2014-03-25
1152,1153,29.0,0,2,4,3,13,2.7323692,0,0,2014-03-26
1153,1154,67.0,0,3,4,3,13,2.7323692,0,0,2014-03-27
1154,1155,39.0,0,4,4,3,13,2.7323692,0,0,2014-03-28
1155,1156,40.0,1,5,5,3,13,2.7399714,0,0,2014-03-29
1156,1157,26.0,1,6,5,3,13,2.7399714,0,0,2014-03-30
1157,1158,42.0,0,0,5,3,14,2.7399714,0,0,2014-03-31
1158,1159,39.0,0,1,1,4,14,2.7399714,2,0,2014-04-01
1159,1160,24.0,0,2,1,4,14,2.7399714,2,0,2014-04-02
1160,1161,33.0,0,3,1,4,14,2.7399714,3,0,2014-04-03
1161,1162,24.0,0,4,1,4,14,2.7399714,1,0,2014-04-04
1162,1163,30.0,1,5,1,4,14,2.7371318,3,0,2014-04-05
1163,1164,36.0,1,6,1,4,14,2.7371318,3,0,2014-04-06
1164,1165,42.0,0,0,1,4,15,2.7371318,2,0,2014-04-07
1165,1166,26.0,0,1,2,4,15,2.7371318,2,0,2014-04-08
1166,1167,30.0,0,2,2,4,15,2.7371318,3,0,2014-04-09
1167,1168,37.0,0,3,2,4,15,2.7371318,1,0,2014-04-10
1168,1169,16.0,0,4,2,4,15,2.7371318,2,0,2014-04-11
1169,1170,29.0,1,5,2,4,15,2.6873965,2,0,2014-04-12
1170,1171,54.0,1,6,2,4,15,2.6873965,1,0,2014-04-13
1171,1172,45.0,0,0,2,4,16,2.6873965,1,0,2014-04-14
1172,1173,27.0,0,1,3,4,16,2.6873965,2,0,2014-04-15
1173,1174,32.0,0,2,3,4,16,2.6873965,0,0,2014-04-16
1174,1175,19.0,0,3,3,4,16,2.6873965,0,0,2014-04-17
1175,1176,31.0,0,4,3,4,16,2.6873965,0,0,2014-04-18
1176,1177,25.0,1,5,3,4,16,2.6636863,0,0,2014-04-19
1177,1178,26.0,1,6,3,4,16,2.6636863,0,2,2014-04-20
1178,1179,15.0,0,0,3,4,17,2.6636863,0,0,2014-04-21
1179,1180,38.0,0,1,4,4,17,2.6636863,0,1,2014-04-22
1180,1181,36.0,0,2,4,4,17,2.6636863,0,0,2014-04-23
1181,1182,61.0,0,3,4,4,17,2.6636863,0,0,2014-04-24
1182,1183,47.0,0,4,4,4,17,2.6636863,0,0,2014-04-25
1183,1184,37.0,1,5,4,4,17,2.6659439,0,0,2014-04-26
1184,1185,43.0,1,6,4,4,17,2.6659439,0,0,2014-04-27
1185,1186,23.0,0,0,4,4,18,2.6659439,0,0,2014-04-28
1186,1187,36.0,0,1,5,4,18,2.6659439,0,0,2014-04-29
1187,1188,33.0,0,2,5,4,18,2.6659439,0,0,2014-04-30
1188,1189,35.0,0,3,1,5,18,2.6659439,2,0,2014-05-01
1189,1190,29.0,0,4,1,5,18,2.6659439,2,0,2014-05-02
1190,1191,21.0,1,5,1,5,18,2.631146,3,0,2014-05-03
1191,1192,34.0,1,6,1,5,18,2.631146,1,0,2014-05-04
1192,1193,31.0,0,0,1,5,19,2.631146,3,1,2014-05-05
1193,1194,40.0,0,1,1,5,19,2.631146,3,0,2014-05-06
1194,1195,43.0,0,2,1,5,19,2.631146,2,0,2014-05-07
1195,1196,29.0,0,3,2,5,19,2.631146,2,0,2014-05-08
1196,1197,37.0,0,4,2,5,19,2.631146,3,0,2014-05-09
1197,1198,31.0,1,5,2,5,19,2.6225796,1,0,2014-05-10
1198,1199,23.0,1,6,2,5,19,2.6225796,2,1,2014-05-11
1199,1200,10.0,0,0,2,5,20,2.6225796,2,0,2014-05-12
1200,1201,31.0,0,1,2,5,20,2.6225796,1,0,2014-05-13
1201,1202,62.0,0,2,2,5,20,2.6225796,1,0,2014-05-14
1202,1203,31.0,0,3,3,5,20,2.6225796,2,0,2014-05-15
1203,1204,17.0,0,4,3,5,20,2.6225796,0,0,2014-05-16
1204,1205,25.0,1,5,3,5,20,2.6127207,0,0,2014-05-17
1205,1206,28.0,1,6,3,5,20,2.6127207,0,0,2014-05-18
1206,1207,30.0,0,0,3,5,21,2.6127207,0,0,2014-05-19
1207,1208,16.0,0,1,3,5,21,2.6127207,0,0,2014-05-20
1208,1209,24.0,0,2,3,5,21,2.6127207,0,0,2014-05-21
1209,1210,24.0,0,3,4,5,21,2.6127207,0,0,2014-05-22
1210,1211,19.0,0,4,4,5,21,2.6127207,0,0,2014-05-23
1211,1212,43.0,1,5,4,5,21,2.6150727,0,0,2014-05-24
1212,1213,20.0,1,6,4,5,21,2.6150727,0,0,2014-05-25
1213,1214,23.0,0,0,4,5,22,2.6150727,0,1,2014-05-26
1214,1215,15.0,0,1,4,5,22,2.6150727,0,0,2014-05-27
1215,1216,29.0,0,2,4,5,22,2.6150727,0,0,2014-05-28
1216,1217,23.0,0,3,5,5,22,2.6150727,0,0,2014-05-29
1217,1218,29.0,0,4,5,5,22,2.6150727,0,0,2014-05-30
1218,1219,21.0,1,5,5,5,22,2.6137524,0,0,2014-05-31
1219,1220,23.0,1,6,1,6,22,2.6137524,2,0,2014-06-01
1220,1221,23.0,0,0,1,6,23,2.6137524,2,0,2014-06-02
1221,1222,27.0,0,1,1,6,23,2.6137524,3,0,2014-06-03
1222,1223,34.0,0,2,1,6,23,2.6137524,1,0,2014-06-04
1223,1224,20.0,0,3,1,6,23,2.6137524,3,1,2014-06-05
1224,1225,41.0,0,4,1,6,23,2.6137524,3,0,2014-06-06
1225,1226,20.0,1,5,1,6,23,2.6137524,2,0,2014-06-07
1226,1227,18.0,1,6,2,6,23,2.6137524,2,0,2014-06-08
1227,1228,12.0,0,0,2,6,24,2.6137524,3,0,2014-06-09
1228,1229,26.0,0,1,2,6,24,2.6137524,1,0,2014-06-10
1229,1230,16.0,0,2,2,6,24,2.6137524,2,0,2014-06-11
1230,1231,30.0,0,3,2,6,24,2.6137524,2,0,2014-06-12
1231,1232,24.0,0,4,2,6,24,2.6137524,1,0,2014-06-13
1232,1233,21.0,1,5,2,6,24,2.6137524,1,0,2014-06-14
1233,1234,23.0,1,6,3,6,24,2.6137524,2,2,2014-06-15
1234,1235,61.0,0,0,3,6,25,2.6137524,0,0,2014-06-16
1235,1236,20.0,0,1,3,6,25,2.6137524,0,0,2014-06-17
1236,1237,11.0,0,2,3,6,25,2.6137524,0,0,2014-06-18
1237,1238,20.0,0,3,3,6,25,2.6137524,0,0,2014-06-19
1238,1239,31.0,0,4,3,6,25,2.6137524,0,0,2014-06-20
1239,1240,36.0,1,5,3,6,25,2.6296506,0,0,2014-06-21
1240,1241,20.0,1,6,4,6,25,2.6296506,0,0,2014-06-22
1241,1242,19.0,0,0,4,6,26,2.6296506,0,0,2014-06-23
1242,1243,21.0,0,1,4,6,26,2.6296506,0,0,2014-06-24
1243,1244,15.0,0,2,4,6,26,2.6296506,0,0,2014-06-25
1244,1245,13.0,0,3,4,6,26,2.6296506,0,0,2014-06-26
1245,1246,31.0,0,4,4,6,26,2.6296506,0,0,2014-06-27
1246,1247,15.0,1,5,4,6,26,2.6226542,0,0,2014-06-28
1247,1248,26.0,1,6,5,6,26,2.6226542,0,1,2014-06-29
1248,1249,30.0,0,0,5,6,27,2.6226542,0,0,2014-06-30
1249,1250,18.0,0,1,1,7,27,2.6226542,2,0,2014-07-01
1250,1251,35.0,0,2,1,7,27,2.6226542,2,0,2014-07-02
1251,1252,29.0,0,3,1,7,27,2.6226542,3,0,2014-07-03
1252,1253,22.0,0,4,1,7,27,2.6226542,1,1,2014-07-04
1253,1254,20.0,1,5,1,7,27,2.675215,3,0,2014-07-05
1254,1255,13.0,1,6,1,7,27,2.675215,3,0,2014-07-06
1255,1256,25.0,0,0,1,7,28,2.675215,2,0,2014-07-07
1256,1257,20.0,0,1,2,7,28,2.675215,2,0,2014-07-08
1257,1258,18.0,0,2,2,7,28,2.675215,3,0,2014-07-09
1258,1259,27.0,0,3,2,7,28,2.675215,1,0,2014-07-10
1259,1260,31.0,0,4,2,7,28,2.675215,2,0,2014-07-11
1260,1261,22.0,1,5,2,7,28,2.675215,2,0,2014-07-12
1261,1262,23.0,1,6,2,7,28,2.675215,1,0,2014-07-13
1262,1263,23.0,0,0,2,7,29,2.675215,1,0,2014-07-14
1263,1264,26.0,0,1,3,7,29,2.675215,2,0,2014-07-15
1264,1265,27.0,0,2,3,7,29,2.675215,0,0,2014-07-16
1265,1266,25.0,0,3,3,7,29,2.675215,0,0,2014-07-17
1266,1267,35.0,0,4,3,7,29,2.675215,0,0,2014-07-18
1267,1268,15.0,1,5,3,7,29,2.6758654,0,0,2014-07-19
1268,1269,24.0,1,6,3,7,29,2.6758654,0,0,2014-07-20
1269,1270,17.0,0,0,3,7,30,2.6758654,0,0,2014-07-21
1270,1271,44.0,0,1,4,7,30,2.6758654,0,0,2014-07-22
1271,1272,20.0,0,2,4,7,30,2.6758654,0,0,2014-07-23
1272,1273,35.0,0,3,4,7,30,2.6758654,0,0,2014-07-24
1273,1274,23.0,0,4,4,7,30,2.6758654,0,0,2014-07-25
1274,1275,20.0,1,5,4,7,30,2.6766331,0,0,2014-07-26
1275,1276,15.0,1,6,4,7,30,2.6766331,0,0,2014-07-27
1276,1277,23.0,0,0,4,7,31,2.6766331,0,0,2014-07-28
1277,1278,21.0,0,1,5,7,31,2.6766331,0,1,2014-07-29
1278,1279,41.0,0,2,5,7,31,2.6766331,0,0,2014-07-30
1279,1280,28.0,0,3,5,7,31,2.6766331,0,0,2014-07-31
1280,1281,33.0,0,4,1,8,31,2.6766331,2,0,2014-08-01
1281,1282,22.0,1,5,1,8,31,2.6766331,2,0,2014-08-02
1282,1283,16.0,1,6,1,8,31,2.6766331,3,0,2014-08-03
1283,1284,21.0,0,0,1,8,32,2.6766331,1,0,2014-08-04
1284,1285,29.0,0,1,1,8,32,2.6766331,3,0,2014-08-05
1285,1286,25.0,0,2,1,8,32,2.6766331,3,0,2014-08-06
1286,1287,23.0,0,3,1,8,32,2.6766331,2,0,2014-08-07
1287,1288,21.0,0,4,2,8,32,2.6766331,2,0,2014-08-08
1288,1289,36.0,1,5,2,8,32,2.6742256,3,0,2014-08-09
1289,1290,25.0,1,6,2,8,32,2.6742256,1,0,2014-08-10
1290,1291,16.0,0,0,2,8,33,2.6742256,2,0,2014-08-11
1291,1292,27.0,0,1,2,8,33,2.6742256,2,0,2014-08-12
1292,1293,38.0,0,2,2,8,33,2.6742256,1,0,2014-08-13
1293,1294,38.0,0,3,2,8,33,2.6742256,1,0,2014-08-14
1294,1295,33.0,0,4,3,8,33,2.6742256,2,0,2014-08-15
1295,1296,34.0,1,5,3,8,33,2.671683,0,0,2014-08-16
1296,1297,25.0,1,6,3,8,33,2.671683,0,0,2014-08-17
1297,1298,27.0,0,0,3,8,34,2.671683,0,0,2014-08-18
1298,1299,37.0,0,1,3,8,34,2.671683,0,0,2014-08-19
1299,1300,37.0,0,2,3,8,34,2.671683,0,0,2014-08-20
1300,1301,67.0,0,3,3,8,34,2.671683,0,0,2014-08-21
1301,1302,36.0,0,4,4,8,34,2.671683,0,0,2014-08-22
1302,1303,26.0,1,5,4,8,34,2.6712015,0,0,2014-08-23
1303,1304,20.0,1,6,4,8,34,2.6712015,0,0,2014-08-24
1304,1305,32.0,0,0,4,8,35,2.6712015,0,0,2014-08-25
1305,1306,38.0,0,1,4,8,35,2.6712015,0,0,2014-08-26
1306,1307,39.0,0,2,4,8,35,2.6712015,0,0,2014-08-27
1307,1308,42.0,0,3,4,8,35,2.6712015,0,0,2014-08-28
1308,1309,21.0,0,4,5,8,35,2.6712015,0,0,2014-08-29
1309,1310,57.0,1,5,5,8,35,2.6732528,0,0,2014-08-30
1310,1311,30.0,1,6,5,8,35,2.6732528,0,0,2014-08-31
1311,1312,49.0,0,0,1,9,36,2.6732528,2,1,2014-09-01
1312,1313,38.0,0,1,1,9,36,2.6732528,2,0,2014-09-02
1313,1314,35.0,0,2,1,9,36,2.6732528,3,0,2014-09-03
1314,1315,27.0,0,3,1,9,36,2.6732528,1,0,2014-09-04
1315,1316,30.0,0,4,1,9,36,2.6732528,3,0,2014-09-05
1316,1317,35.0,1,5,1,9,36,2.6727746,3,0,2014-09-06
1317,1318,52.0,1,6,1,9,36,2.6727746,2,0,2014-09-07
1318,1319,56.0,0,0,2,9,37,2.6727746,2,0,2014-09-08
1319,1320,53.0,0,1,2,9,37,2.6727746,3,0,2014-09-09
1320,1321,52.0,0,2,2,9,37,2.6727746,1,0,2014-09-10
1321,1322,33.0,0,3,2,9,37,2.6727746,2,0,2014-09-11
1322,1323,44.0,0,4,2,9,37,2.6727746,2,0,2014-09-12
1323,1324,34.0,1,5,2,9,37,2.6727746,1,0,2014-09-13
1324,1325,51.0,1,6,2,9,37,2.6727746,1,0,2014-09-14
1325,1326,19.0,0,0,3,9,38,2.6727746,2,0,2014-09-15
1326,1327,35.0,0,1,3,9,38,2.6727746,0,0,2014-09-16
1327,1328,59.0,0,2,3,9,38,2.6727746,0,0,2014-09-17
1328,1329,37.0,0,3,3,9,38,2.6727746,0,0,2014-09-18
1329,1330,43.0,0,4,3,9,38,2.6727746,0,0,2014-09-19
1330,1331,55.0,1,5,3,9,38,2.6288595,0,0,2014-09-20
1331,1332,41.0,1,6,3,9,38,2.6288595,0,0,2014-09-21
1332,1333,35.0,0,0,4,9,39,2.6288595,0,0,2014-09-22
1333,1334,45.0,0,1,4,9,39,2.6288595,0,0,2014-09-23
1334,1335,41.0,0,2,4,9,39,2.6288595,0,0,2014-09-24
1335,1336,59.0,0,3,4,9,39,2.6288595,0,0,2014-09-25
1336,1337,47.0,0,4,4,9,39,2.6288595,0,0,2014-09-26
1337,1338,49.0,1,5,4,9,39,2.681256,0,0,2014-09-27
1338,1339,55.0,1,6,4,9,39,2.681256,0,0,2014-09-28
1339,1340,50.0,0,0,5,9,40,2.681256,0,0,2014-09-29
1340,1341,96.0,0,1,5,9,40,2.681256,0,0,2014-09-30
1341,1342,59.0,0,2,1,10,40,2.681256,2,0,2014-10-01
1342,1343,40.0,0,3,1,10,40,2.681256,2,0,2014-10-02
1343,1344,64.0,0,4,1,10,40,2.681256,3,0,2014-10-03
1344,1345,66.0,1,5,1,10,40,2.6471887,1,1,2014-10-04
1345,1346,63.0,1,6,1,10,40,2.6471887,3,0,2014-10-05
1346,1347,88.0,0,0,1,10,41,2.6471887,3,0,2014-10-06
1347,1348,55.0,0,1,1,10,41,2.6471887,2,0,2014-10-07
1348,1349,50.0,0,2,2,10,41,2.6471887,2,0,2014-10-08
1349,1350,84.0,0,3,2,10,41,2.6471887,3,0,2014-10-09
1350,1351,46.0,0,4,2,10,41,2.6471887,1,0,2014-10-10
1351,1352,35.0,1,5,2,10,41,2.633583,2,0,2014-10-11
1352,1353,68.0,1,6,2,10,41,2.633583,2,0,2014-10-12
1353,1354,68.0,0,0,2,10,42,2.633583,1,1,2014-10-13
1354,1355,70.0,0,1,2,10,42,2.633583,1,0,2014-10-14
1355,1356,99.0,0,2,3,10,42,2.633583,2,0,2014-10-15
1356,1357,100.0,0,3,3,10,42,2.633583,0,0,2014-10-16
1357,1358,71.0,0,4,3,10,42,2.633583,0,0,2014-10-17
1358,1359,87.0,1,5,3,10,42,2.6267805,0,0,2014-10-18
1359,1360,103.0,1,6,3,10,42,2.6267805,0,0,2014-10-19
1360,1361,68.0,0,0,3,10,43,2.6267805,0,0,2014-10-20
1361,1362,92.0,0,1,3,10,43,2.6267805,0,0,2014-10-21
1362,1363,57.0,0,2,4,10,43,2.6267805,0,0,2014-10-22
1363,1364,68.0,0,3,4,10,43,2.6267805,0,0,2014-10-23
1364,1365,57.0,0,4,4,10,43,2.6267805,0,0,2014-10-24
1365,1366,96.0,1,5,4,10,43,2.6267805,0,0,2014-10-25
1366,1367,132.0,1,6,4,10,43,2.6267805,0,0,2014-10-26
1367,1368,129.0,0,0,4,10,44,2.6267805,0,0,2014-10-27
1368,1369,111.0,0,1,4,10,44,2.6267805,0,0,2014-10-28
1369,1370,109.0,0,2,5,10,44,2.6267805,0,0,2014-10-29
1370,1371,130.0,0,3,5,10,44,2.6267805,0,0,2014-10-30
1371,1372,92.0,0,4,5,10,44,2.6267805,0,1,2014-10-31
1372,1373,73.0,1,5,1,11,44,2.6155875,2,0,2014-11-01
1373,1374,57.0,1,6,1,11,44,2.6155875,2,0,2014-11-02
1374,1375,51.0,0,0,1,11,45,2.6155875,3,0,2014-11-03
1375,1376,53.0,0,1,1,11,45,2.6155875,1,0,2014-11-04
1376,1377,84.0,0,2,1,11,45,2.6155875,3,0,2014-11-05
1377,1378,52.0,0,3,1,11,45,2.6155875,3,0,2014-11-06
1378,1379,39.0,0,4,1,11,45,2.6155875,2,0,2014-11-07
1379,1380,70.0,1,5,2,11,45,2.6155875,2,0,2014-11-08
1380,1381,66.0,1,6,2,11,45,2.6155875,3,0,2014-11-09
1381,1382,32.0,0,0,2,11,46,2.6155875,1,0,2014-11-10
1382,1383,50.0,0,1,2,11,46,2.6155875,2,1,2014-11-11
1383,1384,51.0,0,2,2,11,46,2.6155875,2,0,2014-11-12
1384,1385,58.0,0,3,2,11,46,2.6155875,1,0,2014-11-13
1385,1386,73.0,0,4,2,11,46,2.6155875,1,0,2014-11-14
1386,1387,85.0,1,5,3,11,46,2.6155875,2,0,2014-11-15
1387,1388,118.0,1,6,3,11,46,2.6155875,0,0,2014-11-16
1388,1389,86.0,0,0,3,11,47,2.6155875,0,0,2014-11-17
1389,1390,90.0,0,1,3,11,47,2.6155875,0,0,2014-11-18
1390,1391,70.0,0,2,3,11,47,2.6155875,0,0,2014-11-19
1391,1392,72.0,0,3,3,11,47,2.6155875,0,0,2014-11-20
1392,1393,68.0,0,4,3,11,47,2.6155875,0,0,2014-11-21
1393,1394,68.0,1,5,4,11,47,2.6155875,0,0,2014-11-22
1394,1395,79.0,1,6,4,11,47,2.6155875,0,0,2014-11-23
1395,1396,68.0,0,0,4,11,48,2.6155875,0,0,2014-11-24
1396,1397,37.0,0,1,4,11,48,2.6155875,0,0,2014-11-25
1397,1398,83.0,0,2,4,11,48,2.6155875,0,0,2014-11-26
1398,1399,25.0,0,3,4,11,48,2.6155875,0,1,2014-11-27
1399,1400,48.0,0,4,4,11,48,2.6155875,0,0,2014-11-28
1400,1401,57.0,1,5,5,11,48,2.6155875,0,0,2014-11-29
1401,1402,63.0,1,6,5,11,48,2.6155875,0,0,2014-11-30
1402,1403,66.0,0,0,1,12,49,2.6155875,2,0,2014-12-01
1403,1404,55.0,0,1,1,12,49,2.6155875,2,0,2014-12-02
1404,1405,61.0,0,2,1,12,49,2.6155875,3,0,2014-12-03
1405,1406,42.0,0,3,1,12,49,2.6155875,1,0,2014-12-04
1406,1407,61.0,0,4,1,12,49,2.6155875,3,0,2014-12-05
1407,1408,87.0,1,5,1,12,49,2.6155875,3,0,2014-12-06
1408,1409,82.0,1,6,1,12,49,2.6155875,2,0,2014-12-07
1409,1410,67.0,0,0,2,12,50,2.6155875,2,0,2014-12-08
1410,1411,84.0,0,1,2,12,50,2.6155875,3,0,2014-12-09
1411,1412,60.0,0,2,2,12,50,2.6155875,1,0,2014-12-10
1412,1413,76.0,0,3,2,12,50,2.6155875,2,0,2014-12-11
1413,1414,56.0,0,4,2,12,50,2.6155875,2,0,2014-12-12
1414,1415,69.0,1,5,2,12,50,2.6155875,1,0,2014-12-13
1415,1416,65.0,1,6,2,12,50,2.6155875,1,0,2014-12-14
1416,1417,71.0,0,0,3,12,51,2.6155875,2,0,2014-12-15
1417,1418,70.0,0,1,3,12,51,2.6155875,0,0,2014-12-16
1418,1419,80.0,0,2,3,12,51,2.6155875,0,0,2014-12-17
1419,1420,80.0,0,3,3,12,51,2.6155875,0,0,2014-12-18
1420,1421,65.0,0,4,3,12,51,2.6155875,0,0,2014-12-19
1421,1422,62.0,1,5,3,12,51,2.6155875,0,0,2014-12-20
1422,1423,56.0,1,6,3,12,51,2.6155875,0,0,2014-12-21
1423,1424,71.0,0,0,4,12,52,2.6155875,0,0,2014-12-22
1424,1425,76.0,0,1,4,12,52,2.6155875,0,0,2014-12-23
1425,1426,40.0,0,2,4,12,52,2.6155875,0,1,2014-12-24
1426,1427,0.0,0,3,4,12,52,2.6155875,0,1,2014-12-25
1427,1428,49.0,0,4,4,12,52,2.6155875,0,0,2014-12-26
1428,1429,37.0,1,5,4,12,52,2.6155875,0,0,2014-12-27
1429,1430,22.0,1,6,4,12,52,2.6155875,0,0,2014-12-28
1430,1431,31.0,0,0,5,12,1,2.6155875,0,0,2014-12-29
1431,1432,39.0,0,1,5,12,1,2.6155875,0,0,2014-12-30
1432,1433,14.0,0,2,5,12,1,2.6155875,0,0,2014-12-31
1433,1434,20.0,0,3,1,1,1,2.6155875,2,1,2015-01-01
1434,1435,41.0,0,4,1,1,1,2.6155875,2,0,2015-01-02
1435,1436,33.0,1,5,1,1,1,2.6155875,3,0,2015-01-03
1436,1437,50.0,1,6,1,1,1,2.6155875,1,0,2015-01-04
1437,1438,34.0,0,0,1,1,2,2.6155875,3,0,2015-01-05
1438,1439,28.0,0,1,1,1,2,2.6155875,3,0,2015-01-06
1439,1440,34.0,0,2,1,1,2,2.6155875,2,1,2015-01-07
1440,1441,38.0,0,3,2,1,2,2.6155875,2,0,2015-01-08
1441,1442,40.0,0,4,2,1,2,2.6155875,3,0,2015-01-09
1442,1443,50.0,1,5,2,1,2,2.6155875,1,0,2015-01-10
1443,1444,73.0,1,6,2,1,2,2.6155875,2,0,2015-01-11
1444,1445,45.0,0,0,2,1,3,2.6155875,2,0,2015-01-12
1445,1446,39.0,0,1,2,1,3,2.6155875,1,0,2015-01-13
1446,1447,46.0,0,2,2,1,3,2.6155875,1,0,2015-01-14
1447,1448,43.0,0,3,3,1,3,2.6155875,2,0,2015-01-15
